adr new First Decision
README.md does not exist.
doc/adr/0001-first-decision.md
adr new Second Decision
README.md does not exist.
doc/adr/0002-second-decision.md
adr new Third Decision
README.md does not exist.
doc/adr/0003-third-decision.md
adr generate toc -p foo/doc/adr/
# Architecture Decision Records

* [1. First Decision](foo/doc/adr/0001-first-decision.md)
* [2. Second Decision](foo/doc/adr/0002-second-decision.md)
* [3. Third Decision](foo/doc/adr/0003-third-decision.md)
